<?xml version="1.0" encoding="utf-8"?><testsuites name="pytest tests"><testsuite name="pytest" errors="0" failures="0" skipped="0" tests="2" time="6.614" timestamp="2025-07-19T09:07:18.442418+00:00" hostname="430929465a7e"><testcase classname="tests.test_app.FlaskTests" name="test_e2e" time="6.167" /><testcase classname="tests.test_app.FlaskTests" name="test_home_page_data" time="0.016" /></testsuite></testsuites>