<?xml version="1.0" encoding="utf-8"?><testsuites name="pytest tests"><testsuite name="pytest" errors="0" failures="0" skipped="0" tests="1" time="3.622" timestamp="2025-07-21T20:51:07.237349+00:00" hostname="ffd22341af8f"><testcase classname="test_playwright.TestMealTracker" name="test_full_e2e_workflow[chromium]" time="3.587" /></testsuite></testsuites>